#-----------------------------------------------------------
# Vivado v2025.1 (64-bit)
# SW Build 6140274 on Thu May 22 00:12:29 MDT 2025
# IP Build 6138677 on Thu May 22 03:10:11 MDT 2025
# SharedData Build 6139179 on Tue May 20 17:58:58 MDT 2025
# Start of session at: Tue Sep 30 20:35:58 2025
# Process ID         : 24372
# Current directory  : C:/Users/emari/Desktop/mbv-axi-slave-ip-repo/vivado-axi-trng/vivado-axi-trng.runs/design_1_dlmb_v10_0_synth_1
# Command line       : vivado.exe -log design_1_dlmb_v10_0.vds -product Vivado -mode batch -messageDb vivado.pb -notrace -source design_1_dlmb_v10_0.tcl
# Log file           : C:/Users/emari/Desktop/mbv-axi-slave-ip-repo/vivado-axi-trng/vivado-axi-trng.runs/design_1_dlmb_v10_0_synth_1/design_1_dlmb_v10_0.vds
# Journal file       : C:/Users/emari/Desktop/mbv-axi-slave-ip-repo/vivado-axi-trng/vivado-axi-trng.runs/design_1_dlmb_v10_0_synth_1\vivado.jou
# Running On         : Emanuel
# Platform           : Windows Server 2016 or Windows 10
# Operating System   : 26100
# Processor Detail   : AMD Ryzen 5 3550H with Radeon Vega Mobile Gfx  
# CPU Frequency      : 2096 MHz
# CPU Physical cores : 4
# CPU Logical cores  : 8
# Host memory        : 14968 MB
# Swap memory        : 9126 MB
# Total Virtual      : 24094 MB
# Available Virtual  : 2940 MB
#-----------------------------------------------------------
source design_1_dlmb_v10_0.tcl -notrace
