#-----------------------------------------------------------
# Vivado v2025.1 (64-bit)
# SW Build 6140274 on Thu May 22 00:12:29 MDT 2025
# IP Build 6138677 on Thu May 22 03:10:11 MDT 2025
# SharedData Build 6139179 on Tue May 20 17:58:58 MDT 2025
# Start of session at: Sun Sep 28 22:52:42 2025
# Process ID         : 19936
# Current directory  : C:/Users/emari/Desktop/mbv-axi-slave-ip-repo/ip_repo
# Command line       : vivado.exe -gui_launcher_event rodinguilauncherevent23164 C:\Users\emari\Desktop\mbv-axi-slave-ip-repo\ip_repo\edit_axi_perceptron_v1_0.xpr
# Log file           : C:/Users/emari/Desktop/mbv-axi-slave-ip-repo/ip_repo/vivado.log
# Journal file       : C:/Users/emari/Desktop/mbv-axi-slave-ip-repo/ip_repo\vivado.jou
# Running On         : Emanuel
# Platform           : Windows Server 2016 or Windows 10
# Operating System   : 26100
# Processor Detail   : AMD Ryzen 5 3550H with Radeon Vega Mobile Gfx  
# CPU Frequency      : 2096 MHz
# CPU Physical cores : 4
# CPU Logical cores  : 8
# Host memory        : 14968 MB
# Swap memory        : 9126 MB
# Total Virtual      : 24094 MB
# Available Virtual  : 5630 MB
#-----------------------------------------------------------
start_gui
open_project C:/Users/emari/Desktop/mbv-axi-slave-ip-repo/ip_repo/edit_axi_perceptron_v1_0.xpr
update_compile_order -fileset sources_1
ipx::open_ipxact_file {C:\Users\emari\Desktop\mbv-axi-slave-ip-repo\ip_repo\axi_perceptron_1_0\component.xml}
ipx::merge_project_changes hdl_parameters [ipx::current_core]
set_property core_revision 3 [ipx::current_core]
ipx::create_xgui_files [ipx::current_core]
ipx::update_checksums [ipx::current_core]
ipx::check_integrity [ipx::current_core]
ipx::save_core [ipx::current_core]
update_ip_catalog -rebuild -repo_path c:/Users/emari/Desktop/mbv-axi-slave-ip-repo/ip_repo/axi_perceptron_1_0
