#-----------------------------------------------------------
# Vivado v2025.1 (64-bit)
# SW Build 6140274 on Thu May 22 00:12:29 MDT 2025
# IP Build 6138677 on Thu May 22 03:10:11 MDT 2025
# SharedData Build 6139179 on Tue May 20 17:58:58 MDT 2025
# Start of session at: Tue Sep 30 19:58:14 2025
# Process ID         : 27500
# Current directory  : C:/Users/emari/Desktop/mbv-axi-slave-ip-repo/ip_repo
# Command line       : vivado.exe -gui_launcher_event rodinguilauncherevent26972 C:\Users\emari\Desktop\mbv-axi-slave-ip-repo\ip_repo\edit_axi_prng_v1_0.xpr
# Log file           : C:/Users/emari/Desktop/mbv-axi-slave-ip-repo/ip_repo/vivado.log
# Journal file       : C:/Users/emari/Desktop/mbv-axi-slave-ip-repo/ip_repo\vivado.jou
# Running On         : Emanuel
# Platform           : Windows Server 2016 or Windows 10
# Operating System   : 26100
# Processor Detail   : AMD Ryzen 5 3550H with Radeon Vega Mobile Gfx  
# CPU Frequency      : 2096 MHz
# CPU Physical cores : 4
# CPU Logical cores  : 8
# Host memory        : 14968 MB
# Swap memory        : 9126 MB
# Total Virtual      : 24094 MB
# Available Virtual  : 4233 MB
#-----------------------------------------------------------
start_gui
open_project C:/Users/emari/Desktop/mbv-axi-slave-ip-repo/ip_repo/edit_axi_prng_v1_0.xpr
update_compile_order -fileset sources_1
ipx::open_ipxact_file {C:\Users\emari\Desktop\mbv-axi-slave-ip-repo\ip_repo\axi_prng_1_0\component.xml}
